../Core/Src/thrusters.h:25:6:flash_thruster	24	static
../Core/Src/thrusters.h:47:6:pwm_val_increase	8	static
../Core/Src/thrusters.h:54:6:pwm_val_decrease	8	static
../Core/Src/thrusters.h:62:6:init_thrusters	8	static
../Core/Src/thrusters.h:76:6:init_thruster	16	static
../Core/Src/thrusters.h:90:6:set_thruster	16	static
../Core/Src/thrusters.h:101:6:set_thruster_reverse	24	static
../Core/Src/thrusters.h:113:6:thruster_step_test	24	static
../Core/Src/thrusters.h:129:6:stop_thruster	16	static
../Core/Src/linearActuator.h:9:6:goUp	8	static
../Core/Src/linearActuator.h:15:6:goDown	8	static
../Core/Src/linearActuator.h:20:6:stop	8	static
../Core/Src/can_sub.h:36:6:HAL_CAN_RxFifo0MsgPendingCallback	16	static
../Core/Src/can_sub.h:49:6:can_setup	16	static
../Core/Src/can_sub.h:86:9:read_control_from_CAN	4	static
../Core/Src/can_sub.h:98:6:transmit_sensor_packet	32	static
../Core/Src/can_sub.h:142:6:controlThrusterStateCAN	16	static
../Core/Src/can_sub.h:175:6:controlThrusterSpeedCAN	24	static
../Core/Src/can_sub.h:195:6:controlLinearActuatorCAN	16	static
../Core/Src/gyro.h:36:6:diagnose_gyro	24	static
../Core/Src/gyro.h:65:6:gyro_init	24	static
../Core/Src/gyro.h:88:6:gyro_test	40	static
../Core/Src/gyro.h:107:10:gyroGetReading	24	static
../Core/Src/pressure.h:69:6:i2c_check	16	static
../Core/Src/pressure.h:77:6:print_binary_uint16	24	static
../Core/Src/pressure.h:84:6:print_binary_uint8	24	static
../Core/Src/pressure.h:90:6:print_PROM	32	static
../Core/Src/pressure.h:101:6:print_buf	16	static
../Core/Src/pressure.h:108:6:clear_buf	16	static
../Core/Src/pressure.h:112:6:diagnose_pressure	24	static
../Core/Src/pressure.h:156:6:pressure_temp_Init	24	static
../Core/Src/pressure.h:175:6:pressure_temp_calibrate	24	static
../Core/Src/pressure.h:244:6:get_pressure_temp	248	static
../Core/Src/pressure.h:298:6:init_pressure_reading	24	static
../Core/Src/pressure.h:310:6:init_temp_reading	24	static
../Core/Src/pressure.h:321:10:read_pressure	32	static
../Core/Src/pressure.h:335:10:read_temp	32	static
../Core/Src/pressure.h:350:10:calculate_temp_pressure	224	static
../Core/Src/flowMeter.h:14:6:HAL_GPIO_EXTI_Callback	16	static
../Core/Src/main.c:83:6:HAL_TIM_PeriodElapsedCallback	24	static
../Core/Src/main.c:110:5:main	16	static
../Core/Src/main.c:205:6:SystemClock_Config	96	static
../Core/Src/main.c:256:13:MX_CAN1_Init	8	static
../Core/Src/main.c:293:13:MX_I2C1_Init	8	static
../Core/Src/main.c:341:13:MX_LPUART1_UART_Init	8	static
../Core/Src/main.c:375:13:MX_TIM1_Init	112	static
../Core/Src/main.c:455:13:MX_TIM2_Init	64	static
../Core/Src/main.c:514:13:MX_TIM6_Init	24	static
../Core/Src/main.c:552:13:MX_GPIO_Init	40	static
../Core/Src/main.c:613:1:__io_putchar	16	static
../Core/Src/main.c:624:6:Error_Handler	4	static,ignoring_inline_asm
