../Core/Src/thrusters.h:25:6:flash_thruster	24	static
../Core/Src/thrusters.h:47:6:pwm_val_increase	8	static
../Core/Src/thrusters.h:54:6:pwm_val_decrease	8	static
../Core/Src/thrusters.h:62:6:init_thrusters	8	static
../Core/Src/thrusters.h:76:6:init_thruster	16	static
../Core/Src/thrusters.h:90:6:set_thruster	16	static
../Core/Src/thrusters.h:101:6:set_thruster_reverse	24	static
../Core/Src/thrusters.h:113:6:thruster_step_test	24	static
../Core/Src/thrusters.h:129:6:stop_thruster	16	static
../Core/Src/linearActuator.h:9:6:goUp	8	static
../Core/Src/linearActuator.h:15:6:goDown	8	static
../Core/Src/linearActuator.h:20:6:stop	8	static
../Core/Src/can_sub.h:33:6:HAL_CAN_RxFifo0MsgPendingCallback	16	static
../Core/Src/can_sub.h:46:6:can_setup	16	static
../Core/Src/can_sub.h:83:9:read_control_from_CAN	4	static
../Core/Src/can_sub.h:95:6:transmit_sensor_packet	32	static
../Core/Src/can_sub.h:136:6:controlThrusterStateCAN	16	static
../Core/Src/can_sub.h:169:6:controlThrusterSpeedCAN	16	static
../Core/Src/can_sub.h:181:6:controlLinearActuatorCAN	16	static
../Core/Src/gyro.h:36:6:diagnose_gyro	24	static
../Core/Src/gyro.h:65:6:gyro_init	24	static
../Core/Src/gyro.h:88:6:gyro_test	40	static
../Core/Src/gyro.h:107:10:gyroGetReading	24	static
../Core/Src/pressure.h:69:6:i2c_check	16	static
../Core/Src/pressure.h:77:6:print_binary_uint16	24	static
../Core/Src/pressure.h:84:6:print_binary_uint8	24	static
../Core/Src/pressure.h:90:6:print_PROM	32	static
../Core/Src/pressure.h:101:6:print_buf	16	static
../Core/Src/pressure.h:108:6:clear_buf	16	static
../Core/Src/pressure.h:112:6:diagnose_pressure	24	static
../Core/Src/pressure.h:156:6:pressure_temp_Init	24	static
../Core/Src/pressure.h:175:6:pressure_temp_calibrate	24	static
../Core/Src/pressure.h:244:6:get_pressure_temp	248	static
../Core/Src/pressure.h:298:10:get_pressure_temp_CAN	256	static
../Core/Src/flowMeter.h:14:6:HAL_GPIO_EXTI_Callback	16	static
../Core/Src/main.c:79:6:HAL_TIM_PeriodElapsedCallback	24	static
../Core/Src/main.c:102:5:main	16	static
../Core/Src/main.c:183:6:SystemClock_Config	96	static
../Core/Src/main.c:234:13:MX_CAN1_Init	8	static
../Core/Src/main.c:271:13:MX_I2C1_Init	8	static
../Core/Src/main.c:319:13:MX_LPUART1_UART_Init	8	static
../Core/Src/main.c:353:13:MX_TIM1_Init	112	static
../Core/Src/main.c:433:13:MX_TIM2_Init	64	static
../Core/Src/main.c:492:13:MX_TIM6_Init	24	static
../Core/Src/main.c:530:13:MX_GPIO_Init	40	static
../Core/Src/main.c:591:1:__io_putchar	16	static
../Core/Src/main.c:602:6:Error_Handler	4	static,ignoring_inline_asm
